// Vitest Snapshot v1, https://vitest.dev/guide/snapshot.html

exports[`getJunitXmlMetrics > returns metrics for a valid JUnit XML 1`] = `
[
  {
    "metric": "testreport.testsuite.count",
    "points": [
      [
        1234567890,
        1,
      ],
    ],
    "tags": [
      "env:ci",
      "testsuite_name:Tests.Registration",
    ],
    "type": "count",
  },
  {
    "metric": "testreport.testcase.success_count",
    "points": [
      [
        1234567890,
        1,
      ],
    ],
    "tags": [
      "env:ci",
      "testcase_name:testCase1",
      "testcase_classname:Tests.Registration",
    ],
    "type": "count",
  },
  {
    "metric": "testreport.testcase.success_count",
    "points": [
      [
        1234567890,
        1,
      ],
    ],
    "tags": [
      "env:ci",
      "testcase_name:testCase2",
      "testcase_classname:Tests.Registration",
    ],
    "type": "count",
  },
  {
    "metric": "testreport.testcase.success_count",
    "points": [
      [
        1234567890,
        1,
      ],
    ],
    "tags": [
      "env:ci",
      "testcase_name:testCase3",
      "testcase_classname:Tests.Registration",
    ],
    "type": "count",
  },
  {
    "metric": "testreport.testsuite.count",
    "points": [
      [
        1234567890,
        1,
      ],
    ],
    "tags": [
      "env:ci",
      "testsuite_name:Tests.Authentication",
    ],
    "type": "count",
  },
  {
    "metric": "testreport.testcase.success_count",
    "points": [
      [
        1234567890,
        1,
      ],
    ],
    "tags": [
      "env:ci",
      "testcase_name:testCase7",
      "testcase_classname:Tests.Authentication",
    ],
    "type": "count",
  },
  {
    "metric": "testreport.testcase.success_count",
    "points": [
      [
        1234567890,
        1,
      ],
    ],
    "tags": [
      "env:ci",
      "testcase_name:testCase8",
      "testcase_classname:Tests.Authentication",
    ],
    "type": "count",
  },
  {
    "metric": "testreport.testcase.failure_count",
    "points": [
      [
        1234567890,
        1,
      ],
    ],
    "tags": [
      "env:ci",
      "testcase_name:testCase9",
      "testcase_classname:Tests.Authentication",
    ],
    "type": "count",
  },
  {
    "metric": "testreport.testsuite.count",
    "points": [
      [
        1234567890,
        1,
      ],
    ],
    "tags": [
      "env:ci",
      "testsuite_name:Tests.Authentication.Login",
    ],
    "type": "count",
  },
  {
    "metric": "testreport.testcase.success_count",
    "points": [
      [
        1234567890,
        1,
      ],
    ],
    "tags": [
      "env:ci",
      "testcase_name:testCase4",
      "testcase_classname:Tests.Authentication.Login",
    ],
    "type": "count",
  },
  {
    "metric": "testreport.testcase.success_count",
    "points": [
      [
        1234567890,
        1,
      ],
    ],
    "tags": [
      "env:ci",
      "testcase_name:testCase5",
      "testcase_classname:Tests.Authentication.Login",
    ],
    "type": "count",
  },
  {
    "metric": "testreport.testcase.success_count",
    "points": [
      [
        1234567890,
        1,
      ],
    ],
    "tags": [
      "env:ci",
      "testcase_name:testCase6",
      "testcase_classname:Tests.Authentication.Login",
    ],
    "type": "count",
  },
]
`;
